[LOG] System::create                           : Header version = 2.02.22. Current version = 2.02.22.
[LOG] Manager::init                            : maxchannels = 256 studioflags = 00000006 flags 00000000 extradriverdata 0000000000000000.
[LOG] SystemI::init                            : Initialize version=20222 (142841), maxchannels=256, flags=0x00020000
[LOG] SystemI::setOutputInternal               : Setting output to 'FMOD WASAPI Output'
[LOG] OutputWASAPI::init                       : Mix Format (WAVEFORMATEX): wFormatTag=0xFFFE, nChannels=2, nSamplesPerSec=48000, nAvgBytesPerSec=384000, nBlockAlign=8, wBitsPerSample=32, cbSize=22.
[LOG] OutputWASAPI::init                       : Mix Format (WAVEFORMATEXTENSIBLE): wValidBitsPerSample=32, dwChannelMask=0x00000003, SubFormat=00000003-0000-0010-8000-00AA00389B71.
[LOG] OutputWASAPI::init                       : Output buffer size: 4096 samples, latency: 0.00ms, period: 10.00ms, DSP buffer: 1024 * 4
[LOG] Thread::initThread                       : Init FMOD stream thread. Affinity: 0x4000000000000003, Priority: 0xFFFF7FFB, Stack Size: 98304, Semaphore: No, Sleep Time: 10, Looping: Yes.
[LOG] Thread::initThread                       : Init FMOD mixer thread. Affinity: 0x4000000000000001, Priority: 0xFFFF7FFA, Stack Size: 81920, Semaphore: No, Sleep Time: 0, Looping: Yes.
[LOG] AsyncManager::init                       : manager 000002511561DB48 isAsync 0 updatePeriod 0.02
[LOG] AsyncManager::init                       : done
[LOG] PlaybackSystem::init                     : 
[LOG] Thread::initThread                       : Init FMOD Studio sample load thread. Affinity: 0x4000000000000003, Priority: 0xFFFF7FFD, Stack Size: 98304, Semaphore: No, Sleep Time: 1, Looping: No.
[LOG] PlaybackSystem::init                     : done
[LOG] Thread::initThread                       : Init FMOD Studio bank load thread. Affinity: 0x4000000000000003, Priority: 0xFFFF7FFD, Stack Size: 98304, Semaphore: No, Sleep Time: 1, Looping: No.
[LOG] Manager::init                            : done.
[LOG] Manager::readBank                        : fileversion = 142, compatVersion = 140 (oldest = 44, newest = 142)
[LOG] Manager::readBank                        : fileversion = 142, compatVersion = 140 (oldest = 44, newest = 142)
[LOG] PlaybackSystem::acquireMasterBus         : Setting master channel group format to 6
[LOG] Manager::readBank                        : fileversion = 142, compatVersion = 140 (oldest = 44, newest = 142)
[LOG] Manager::readBank                        : fileversion = 142, compatVersion = 140 (oldest = 44, newest = 142)
[LOG] Manager::readBank                        : fileversion = 142, compatVersion = 140 (oldest = 44, newest = 142)
[LOG] SystemI::createSoundInternal             : Create name='', mode=0x02000202
[LOG] SystemI::createSoundInternal             : exinfo->cbsize             = 224
[LOG] SystemI::createSoundInternal             : exinfo->length             = 871040
[LOG] SystemI::createSoundInternal             : exinfo->fileoffset         = 9088
[LOG] SystemI::createSoundInternal             : exinfo->numsubsounds       = 1
[LOG] SystemI::createSoundInternal             : exinfo->inclusionlist      = 0000009D6C9FF198
[LOG] SystemI::createSoundInternal             : exinfo->inclusionlistnum   = 1
[LOG] SystemI::createSoundInternal             : exinfo->suggestedsoundtype = 5
[LOG] SystemI::createSoundInternal             : exinfo->useropen           = 00007FFF55BE4130
[LOG] SystemI::createSoundInternal             : exinfo->userclose          = 00007FFF55BE40F0
[LOG] SystemI::createSoundInternal             : exinfo->userread           = 00007FFF55BE4210
[LOG] SystemI::createSoundInternal             : exinfo->userseek           = 00007FFF55BE42D0
[LOG] SystemI::createSoundInternal             : exinfo->fileuserdata       = 000002511166CC48
[LOG] SystemI::createSoundInternal             : exinfo->initialseekpostype = 1
[LOG] SystemI::DSPCodecPoolRegister            : register codec pool for pool type 5
[LOG] SystemI::createSoundInternal             : Sample 0/1: name='MaskForAKing_SFX_Vocalisations_Courtiers03', format=5, channels=2, frequency=48000, lengthbytes=72544, lengthpcm=288000, pcmblocksize=0, loopstart=0, loopend=0, mode=0x00000000, channelmask=0x00000000, channelorder=0, peakvolume=0.509521.
[LOG] SystemI::createSoundInternal             : Create name='', mode=0x02000202
[LOG] SystemI::createSoundInternal             : exinfo->cbsize             = 224
[LOG] SystemI::createSoundInternal             : exinfo->length             = 871040
[LOG] SystemI::createSoundInternal             : exinfo->fileoffset         = 9088
[LOG] SystemI::createSoundInternal             : exinfo->numsubsounds       = 1
[LOG] SystemI::createSoundInternal             : exinfo->inclusionlist      = 0000009D6C9FF198
[LOG] SystemI::createSoundInternal             : exinfo->inclusionlistnum   = 1
[LOG] SystemI::createSoundInternal             : exinfo->suggestedsoundtype = 5
[LOG] SystemI::createSoundInternal             : exinfo->useropen           = 00007FFF55BE4130
[LOG] SystemI::createSoundInternal             : exinfo->userclose          = 00007FFF55BE40F0
[LOG] SystemI::createSoundInternal             : exinfo->userread           = 00007FFF55BE4210
[LOG] SystemI::createSoundInternal             : exinfo->userseek           = 00007FFF55BE42D0
[LOG] SystemI::createSoundInternal             : exinfo->fileuserdata       = 000002511166CC48
[LOG] SystemI::createSoundInternal             : exinfo->initialseekpostype = 1
[LOG] SystemI::DSPCodecPoolRegister            : register codec pool for pool type 5
[LOG] SystemI::createSoundInternal             : Sample 0/1: name='MaskForAKing_SFX_Vocalisations_Courtiers01', format=5, channels=2, frequency=48000, lengthbytes=70592, lengthpcm=288000, pcmblocksize=0, loopstart=0, loopend=0, mode=0x00000000, channelmask=0x00000000, channelorder=0, peakvolume=0.962075.
[LOG] SystemI::createSoundInternal             : Create name='', mode=0x02000202
[LOG] SystemI::createSoundInternal             : exinfo->cbsize             = 224
[LOG] SystemI::createSoundInternal             : exinfo->length             = 871040
[LOG] SystemI::createSoundInternal             : exinfo->fileoffset         = 9088
[LOG] SystemI::createSoundInternal             : exinfo->numsubsounds       = 1
[LOG] SystemI::createSoundInternal             : exinfo->inclusionlist      = 0000009D6C9FF198
[LOG] SystemI::createSoundInternal             : exinfo->inclusionlistnum   = 1
[LOG] SystemI::createSoundInternal             : exinfo->suggestedsoundtype = 5
[LOG] SystemI::createSoundInternal             : exinfo->useropen           = 00007FFF55BE4130
[LOG] SystemI::createSoundInternal             : exinfo->userclose          = 00007FFF55BE40F0
[LOG] SystemI::createSoundInternal             : exinfo->userread           = 00007FFF55BE4210
[LOG] SystemI::createSoundInternal             : exinfo->userseek           = 00007FFF55BE42D0
[LOG] SystemI::createSoundInternal             : exinfo->fileuserdata       = 000002511166CC48
[LOG] SystemI::createSoundInternal             : exinfo->initialseekpostype = 1
[LOG] SystemI::DSPCodecPoolRegister            : register codec pool for pool type 5
[LOG] SystemI::createSoundInternal             : Sample 0/1: name='MaskForAKing_SFX_Vocalisations_Courtiers04', format=5, channels=2, frequency=48000, lengthbytes=68832, lengthpcm=288000, pcmblocksize=0, loopstart=0, loopend=0, mode=0x00000000, channelmask=0x00000000, channelorder=0, peakvolume=0.962075.
[LOG] SystemI::createSoundInternal             : Create name='', mode=0x02000202
[LOG] SystemI::createSoundInternal             : exinfo->cbsize             = 224
[LOG] SystemI::createSoundInternal             : exinfo->length             = 871040
[LOG] SystemI::createSoundInternal             : exinfo->fileoffset         = 9088
[LOG] SystemI::createSoundInternal             : exinfo->numsubsounds       = 1
[LOG] SystemI::createSoundInternal             : exinfo->inclusionlist      = 0000009D6C9FF198
[LOG] SystemI::createSoundInternal             : exinfo->inclusionlistnum   = 1
[LOG] SystemI::createSoundInternal             : exinfo->suggestedsoundtype = 5
[LOG] SystemI::createSoundInternal             : exinfo->useropen           = 00007FFF55BE4130
[LOG] SystemI::createSoundInternal             : exinfo->userclose          = 00007FFF55BE40F0
[LOG] SystemI::createSoundInternal             : exinfo->userread           = 00007FFF55BE4210
[LOG] SystemI::createSoundInternal             : exinfo->userseek           = 00007FFF55BE42D0
[LOG] SystemI::createSoundInternal             : exinfo->fileuserdata       = 000002511166CC48
[LOG] SystemI::createSoundInternal             : exinfo->initialseekpostype = 1
[LOG] SystemI::DSPCodecPoolRegister            : register codec pool for pool type 5
[LOG] SystemI::createSoundInternal             : Sample 0/1: name='MaskForAKing_SFX_Vocalisations_Courtiers02', format=5, channels=2, frequency=48000, lengthbytes=69408, lengthpcm=288000, pcmblocksize=0, loopstart=0, loopend=0, mode=0x00000000, channelmask=0x00000000, channelorder=0, peakvolume=0.349832.
[LOG] SystemI::createSoundInternal             : Create name='', mode=0x02000202
[LOG] SystemI::createSoundInternal             : exinfo->cbsize             = 224
[LOG] SystemI::createSoundInternal             : exinfo->length             = 86624
[LOG] SystemI::createSoundInternal             : exinfo->fileoffset         = 2624
[LOG] SystemI::createSoundInternal             : exinfo->numsubsounds       = 1
[LOG] SystemI::createSoundInternal             : exinfo->inclusionlist      = 0000009D6C9FF198
[LOG] SystemI::createSoundInternal             : exinfo->inclusionlistnum   = 1
[LOG] SystemI::createSoundInternal             : exinfo->suggestedsoundtype = 5
[LOG] SystemI::createSoundInternal             : exinfo->useropen           = 00007FFF55BE4130
[LOG] SystemI::createSoundInternal             : exinfo->userclose          = 00007FFF55BE40F0
[LOG] SystemI::createSoundInternal             : exinfo->userread           = 00007FFF55BE4210
[LOG] SystemI::createSoundInternal             : exinfo->userseek           = 00007FFF55BE42D0
[LOG] SystemI::createSoundInternal             : exinfo->fileuserdata       = 0000025160665758
[LOG] SystemI::createSoundInternal             : exinfo->initialseekpostype = 1
[LOG] SystemI::DSPCodecPoolRegister            : register codec pool for pool type 5
[LOG] SystemI::createSoundInternal             : Sample 0/1: name='MaskForAKing_UI_Transition', format=5, channels=2, frequency=48000, lengthbytes=54944, lengthpcm=288000, pcmblocksize=0, loopstart=0, loopend=0, mode=0x00000000, channelmask=0x00000000, channelorder=0, peakvolume=0.962075.
[LOG] SystemI::createSoundInternal             : Create name='', mode=0x02000202
[LOG] SystemI::createSoundInternal             : exinfo->cbsize             = 224
[LOG] SystemI::createSoundInternal             : exinfo->length             = 871040
[LOG] SystemI::createSoundInternal             : exinfo->fileoffset         = 9088
[LOG] SystemI::createSoundInternal             : exinfo->numsubsounds       = 1
[LOG] SystemI::createSoundInternal             : exinfo->inclusionlist      = 0000009D6C9FF198
[LOG] SystemI::createSoundInternal             : exinfo->inclusionlistnum   = 1
[LOG] SystemI::createSoundInternal             : exinfo->suggestedsoundtype = 5
[LOG] SystemI::createSoundInternal             : exinfo->useropen           = 00007FFF55BE4130
[LOG] SystemI::createSoundInternal             : exinfo->userclose          = 00007FFF55BE40F0
[LOG] SystemI::createSoundInternal             : exinfo->userread           = 00007FFF55BE4210
[LOG] SystemI::createSoundInternal             : exinfo->userseek           = 00007FFF55BE42D0
[LOG] SystemI::createSoundInternal             : exinfo->fileuserdata       = 0000025160668F08
[LOG] SystemI::createSoundInternal             : exinfo->initialseekpostype = 1
[LOG] SystemI::DSPCodecPoolRegister            : register codec pool for pool type 5
[LOG] SystemI::createSoundInternal             : Sample 0/1: name='MaskForAKing_SFX_Vocalisations_King01', format=5, channels=2, frequency=48000, lengthbytes=68000, lengthpcm=384000, pcmblocksize=0, loopstart=0, loopend=0, mode=0x00000000, channelmask=0x00000000, channelorder=0, peakvolume=0.962075.
[LOG] SystemI::createSoundInternal             : Create name='', mode=0x02000202
[LOG] SystemI::createSoundInternal             : exinfo->cbsize             = 224
[LOG] SystemI::createSoundInternal             : exinfo->length             = 871040
[LOG] SystemI::createSoundInternal             : exinfo->fileoffset         = 9088
[LOG] SystemI::createSoundInternal             : exinfo->numsubsounds       = 1
[LOG] SystemI::createSoundInternal             : exinfo->inclusionlist      = 0000009D6C9FF198
[LOG] SystemI::createSoundInternal             : exinfo->inclusionlistnum   = 1
[LOG] SystemI::createSoundInternal             : exinfo->suggestedsoundtype = 5
[LOG] SystemI::createSoundInternal             : exinfo->useropen           = 00007FFF55BE4130
[LOG] SystemI::createSoundInternal             : exinfo->userclose          = 00007FFF55BE40F0
[LOG] SystemI::createSoundInternal             : exinfo->userread           = 00007FFF55BE4210
[LOG] SystemI::createSoundInternal             : exinfo->userseek           = 00007FFF55BE42D0
[LOG] SystemI::createSoundInternal             : exinfo->fileuserdata       = 0000025160668F08
[LOG] SystemI::createSoundInternal             : exinfo->initialseekpostype = 1
[LOG] SystemI::DSPCodecPoolRegister            : register codec pool for pool type 5
[LOG] SystemI::createSoundInternal             : Sample 0/1: name='MaskForAKing_SFX_Vocalisations_King03', format=5, channels=2, frequency=48000, lengthbytes=71296, lengthpcm=384000, pcmblocksize=0, loopstart=0, loopend=0, mode=0x00000000, channelmask=0x00000000, channelorder=0, peakvolume=0.830459.
[LOG] SystemI::createSoundInternal             : Create name='', mode=0x02000202
[LOG] SystemI::createSoundInternal             : exinfo->cbsize             = 224
[LOG] SystemI::createSoundInternal             : exinfo->length             = 871040
[LOG] SystemI::createSoundInternal             : exinfo->fileoffset         = 9088
[LOG] SystemI::createSoundInternal             : exinfo->numsubsounds       = 1
[LOG] SystemI::createSoundInternal             : exinfo->inclusionlist      = 0000009D6C9FF198
[LOG] SystemI::createSoundInternal             : exinfo->inclusionlistnum   = 1
[LOG] SystemI::createSoundInternal             : exinfo->suggestedsoundtype = 5
[LOG] SystemI::createSoundInternal             : exinfo->useropen           = 00007FFF55BE4130
[LOG] SystemI::createSoundInternal             : exinfo->userclose          = 00007FFF55BE40F0
[LOG] SystemI::createSoundInternal             : exinfo->userread           = 00007FFF55BE4210
[LOG] SystemI::createSoundInternal             : exinfo->userseek           = 00007FFF55BE42D0
[LOG] SystemI::createSoundInternal             : exinfo->fileuserdata       = 0000025160668F08
[LOG] SystemI::createSoundInternal             : exinfo->initialseekpostype = 1
[LOG] SystemI::DSPCodecPoolRegister            : register codec pool for pool type 5
[LOG] SystemI::createSoundInternal             : Sample 0/1: name='MaskForAKing_SFX_Vocalisations_King02', format=5, channels=2, frequency=48000, lengthbytes=68480, lengthpcm=384000, pcmblocksize=0, loopstart=0, loopend=0, mode=0x00000000, channelmask=0x00000000, channelorder=0, peakvolume=0.834769.
[LOG] SystemI::createSoundInternal             : Create name='', mode=0x02000202
[LOG] SystemI::createSoundInternal             : exinfo->cbsize             = 224
[LOG] SystemI::createSoundInternal             : exinfo->length             = 871040
[LOG] SystemI::createSoundInternal             : exinfo->fileoffset         = 9088
[LOG] SystemI::createSoundInternal             : exinfo->numsubsounds       = 1
[LOG] SystemI::createSoundInternal             : exinfo->inclusionlist      = 0000009D6C9FF198
[LOG] SystemI::createSoundInternal             : exinfo->inclusionlistnum   = 1
[LOG] SystemI::createSoundInternal             : exinfo->suggestedsoundtype = 5
[LOG] SystemI::createSoundInternal             : exinfo->useropen           = 00007FFF55BE4130
[LOG] SystemI::createSoundInternal             : exinfo->userclose          = 00007FFF55BE40F0
[LOG] SystemI::createSoundInternal             : exinfo->userread           = 00007FFF55BE4210
[LOG] SystemI::createSoundInternal             : exinfo->userseek           = 00007FFF55BE42D0
[LOG] SystemI::createSoundInternal             : exinfo->fileuserdata       = 0000025160668F08
[LOG] SystemI::createSoundInternal             : exinfo->initialseekpostype = 1
[LOG] SystemI::DSPCodecPoolRegister            : register codec pool for pool type 5
[LOG] SystemI::createSoundInternal             : Sample 0/1: name='MaskForAKing_SFX_Vocalisations_King04', format=5, channels=2, frequency=48000, lengthbytes=73504, lengthpcm=384000, pcmblocksize=0, loopstart=0, loopend=0, mode=0x00000000, channelmask=0x00000000, channelorder=0, peakvolume=0.846416.
[LOG] SystemI::createSoundInternal             : Create name='', mode=0x02000202
[LOG] SystemI::createSoundInternal             : exinfo->cbsize             = 224
[LOG] SystemI::createSoundInternal             : exinfo->length             = 871040
[LOG] SystemI::createSoundInternal             : exinfo->fileoffset         = 9088
[LOG] SystemI::createSoundInternal             : exinfo->numsubsounds       = 1
[LOG] SystemI::createSoundInternal             : exinfo->inclusionlist      = 0000009D6C9FF198
[LOG] SystemI::createSoundInternal             : exinfo->inclusionlistnum   = 1
[LOG] SystemI::createSoundInternal             : exinfo->suggestedsoundtype = 5
[LOG] SystemI::createSoundInternal             : exinfo->useropen           = 00007FFF55BE4130
[LOG] SystemI::createSoundInternal             : exinfo->userclose          = 00007FFF55BE40F0
[LOG] SystemI::createSoundInternal             : exinfo->userread           = 00007FFF55BE4210
[LOG] SystemI::createSoundInternal             : exinfo->userseek           = 00007FFF55BE42D0
[LOG] SystemI::createSoundInternal             : exinfo->fileuserdata       = 0000025160668F08
[LOG] SystemI::createSoundInternal             : exinfo->initialseekpostype = 1
[LOG] SystemI::DSPCodecPoolRegister            : register codec pool for pool type 5
[LOG] SystemI::createSoundInternal             : Sample 0/1: name='MaskForAKing_SFX_Vocalisations_King05', format=5, channels=2, frequency=48000, lengthbytes=72224, lengthpcm=384000, pcmblocksize=0, loopstart=0, loopend=0, mode=0x00000000, channelmask=0x00000000, channelorder=0, peakvolume=0.761681.
[LOG] SoundI::release                          : MaskForAKing_Music_GameplayMusic72BPM_3:4 (0000025114796158)
[LOG] SoundI::release                          :     MaskForAKing_Music_GameplayMusic72BPM_3:4 (0000025152687568)
[LOG] SoundI::release                          :     MaskForAKing_Music_GameplayMusic72BPM_3:4 (0000025102B2B9C8)
[LOG] SystemI::createSound                     : filename = Assets/StreamingAssets/FMOD Banks/Music.bank : mode 02010082
[LOG] SystemI::createSound                     : FMOD_NONBLOCKING specified.  Putting into queue to be opened asynchronously!
[LOG] AsyncThread::add                         : add sound to async queue : soundi = 0000025114798318, queue head = 0000024FCF1CC828, queue count = 0
[LOG] AsyncThread::threadFunc                  : Starting Asynchronous operation on sound 0000025114798318
[LOG] SystemI::createSoundInternal             :     Create name='Assets/StreamingAssets/FMOD Banks/Music.bank', mode=0x02010082
[LOG] SystemI::createSoundInternal             :     exinfo->cbsize             = 224
[LOG] SystemI::createSoundInternal             :     exinfo->length             = 2512992
[LOG] SystemI::createSoundInternal             :     exinfo->fileoffset         = 16544
[LOG] SystemI::createSoundInternal             :     exinfo->numsubsounds       = 1
[LOG] SystemI::createSoundInternal             :     exinfo->inclusionlist      = 0000024F8521FD30
[LOG] SystemI::createSoundInternal             :     exinfo->inclusionlistnum   = 1
[LOG] SystemI::createSoundInternal             :     exinfo->suggestedsoundtype = 5
[LOG] SystemI::createSoundInternal             :     exinfo->initialseekpostype = 1
[LOG] SystemI::createSoundInternal             :     Stream 0/1: name='MaskForAKing_Music_GameplayMusic_PostKing72BPM_3:4', format=5, channels=2, frequency=48000, lengthbytes=1066592, lengthpcm=3480000, pcmblocksize=0, loopstart=0, loopend=0, mode=0x00000000, channelmask=0x00000000, channelorder=0, peakvolume=0.962075.
[LOG] AsyncThread::threadFunc                  : Finished Asynchronous operation on sound 0000025114798318
[LOG] SoundI::release                          :  (0000025027271FC8)
[LOG] SoundI::release                          :     MaskForAKing_UI_Transition (0000025001EFE228)
[LOG] SoundI::release                          :  (000002515C5D4338)
[LOG] SoundI::release                          :     MaskForAKing_SFX_Vocalisations_Courtiers01 (00000250024A8AB8)
[LOG] AsyncThread::add                         : add sound to async queue : soundi = 000002502804B5B8, queue head = 0000024FCF1CC828, queue count = 0
[LOG] AsyncThread::threadFunc                  : Starting Asynchronous operation on sound 000002502804B5B8
[LOG] AsyncThread::threadFunc                  : Finished Asynchronous operation on sound 000002502804B5B8
[LOG] SystemI::createSoundInternal             : Create name='', mode=0x02000202
[LOG] SystemI::createSoundInternal             : exinfo->cbsize             = 224
[LOG] SystemI::createSoundInternal             : exinfo->length             = 86624
[LOG] SystemI::createSoundInternal             : exinfo->fileoffset         = 2624
[LOG] SystemI::createSoundInternal             : exinfo->numsubsounds       = 1
[LOG] SystemI::createSoundInternal             : exinfo->inclusionlist      = 0000009D6C9FF198
[LOG] SystemI::createSoundInternal             : exinfo->inclusionlistnum   = 1
[LOG] SystemI::createSoundInternal             : exinfo->suggestedsoundtype = 5
[LOG] SystemI::createSoundInternal             : exinfo->useropen           = 00007FFF55BE4130
[LOG] SystemI::createSoundInternal             : exinfo->userclose          = 00007FFF55BE40F0
[LOG] SystemI::createSoundInternal             : exinfo->userread           = 00007FFF55BE4210
[LOG] SystemI::createSoundInternal             : exinfo->userseek           = 00007FFF55BE42D0
[LOG] SystemI::createSoundInternal             : exinfo->fileuserdata       = 0000025115399D88
[LOG] SystemI::createSoundInternal             : exinfo->initialseekpostype = 1
[LOG] SystemI::DSPCodecPoolRegister            : register codec pool for pool type 5
[LOG] SystemI::createSoundInternal             : Sample 0/1: name='MaskForAKing_UI_Transition', format=5, channels=2, frequency=48000, lengthbytes=54944, lengthpcm=288000, pcmblocksize=0, loopstart=0, loopend=0, mode=0x00000000, channelmask=0x00000000, channelorder=0, peakvolume=0.962075.
[LOG] SoundI::release                          : MaskForAKing_Music_GameplayMusic_PostKing72BPM_3:4 (0000025114798318)
[LOG] SoundI::release                          :     MaskForAKing_Music_GameplayMusic_PostKing72BPM_3:4 (00000250270B69E8)
[LOG] SoundI::release                          :     MaskForAKing_Music_GameplayMusic_PostKing72BPM_3:4 (000002502804B5B8)
[LOG] SoundI::release                          :  (000002515C5D5758)
[LOG] SoundI::release                          :     MaskForAKing_SFX_Vocalisations_Courtiers02 (00000250024A8C58)
[LOG] SoundI::release                          :  (000002515C5D5028)
[LOG] SoundI::release                          :     MaskForAKing_SFX_Vocalisations_Courtiers03 (000002511EFC33B8)
[LOG] SoundI::release                          :  (000002515C5D5478)
[LOG] SoundI::release                          :     MaskForAKing_SFX_Vocalisations_Courtiers04 (00000250024A8298)
[LOG] SoundI::release                          :  (0000025002802B18)
[LOG] SoundI::release                          :     MaskForAKing_UI_Transition (0000024F84C62DA8)
[LOG] SoundI::release                          :  (00000250272726F8)
[LOG] SoundI::release                          :     MaskForAKing_SFX_Vocalisations_King01 (0000025001EFE708)
[LOG] SoundI::release                          :  (0000025000C035E8)
[LOG] SoundI::release                          :     MaskForAKing_SFX_Vocalisations_King02 (0000025091ADE228)
[LOG] SystemI::createSoundInternal             : Create name='', mode=0x02000202
[LOG] SystemI::createSoundInternal             : exinfo->cbsize             = 224
[LOG] SystemI::createSoundInternal             : exinfo->length             = 871040
[LOG] SystemI::createSoundInternal             : exinfo->fileoffset         = 9088
[LOG] SystemI::createSoundInternal             : exinfo->numsubsounds       = 1
[LOG] SystemI::createSoundInternal             : exinfo->inclusionlist      = 0000009D6C9FF198
[LOG] SystemI::createSoundInternal             : exinfo->inclusionlistnum   = 1
[LOG] SystemI::createSoundInternal             : exinfo->suggestedsoundtype = 5
[LOG] SystemI::createSoundInternal             : exinfo->useropen           = 00007FFF55BE4130
[LOG] SystemI::createSoundInternal             : exinfo->userclose          = 00007FFF55BE40F0
[LOG] SystemI::createSoundInternal             : exinfo->userread           = 00007FFF55BE4210
[LOG] SystemI::createSoundInternal             : exinfo->userseek           = 00007FFF55BE42D0
[LOG] SystemI::createSoundInternal             : exinfo->fileuserdata       = 0000025175CD8648
[LOG] SystemI::createSoundInternal             : exinfo->initialseekpostype = 1
[LOG] SystemI::DSPCodecPoolRegister            : register codec pool for pool type 5
[LOG] SystemI::createSoundInternal             : Sample 0/1: name='MaskForAKing_SFX_Vocalisations_King01', format=5, channels=2, frequency=48000, lengthbytes=68000, lengthpcm=384000, pcmblocksize=0, loopstart=0, loopend=0, mode=0x00000000, channelmask=0x00000000, channelorder=0, peakvolume=0.962075.
[LOG] SystemI::createSoundInternal             : Create name='', mode=0x02000202
[LOG] SystemI::createSoundInternal             : exinfo->cbsize             = 224
[LOG] SystemI::createSoundInternal             : exinfo->length             = 871040
[LOG] SystemI::createSoundInternal             : exinfo->fileoffset         = 9088
[LOG] SystemI::createSoundInternal             : exinfo->numsubsounds       = 1
[LOG] SystemI::createSoundInternal             : exinfo->inclusionlist      = 0000009D6C9FF198
[LOG] SystemI::createSoundInternal             : exinfo->inclusionlistnum   = 1
[LOG] SystemI::createSoundInternal             : exinfo->suggestedsoundtype = 5
[LOG] SystemI::createSoundInternal             : exinfo->useropen           = 00007FFF55BE4130
[LOG] SystemI::createSoundInternal             : exinfo->userclose          = 00007FFF55BE40F0
[LOG] SystemI::createSoundInternal             : exinfo->userread           = 00007FFF55BE4210
[LOG] SystemI::createSoundInternal             : exinfo->userseek           = 00007FFF55BE42D0
[LOG] SystemI::createSoundInternal             : exinfo->fileuserdata       = 0000025175CD8648
[LOG] SystemI::createSoundInternal             : exinfo->initialseekpostype = 1
[LOG] SystemI::DSPCodecPoolRegister            : register codec pool for pool type 5
[LOG] SystemI::createSoundInternal             : Sample 0/1: name='MaskForAKing_SFX_Vocalisations_King02', format=5, channels=2, frequency=48000, lengthbytes=68480, lengthpcm=384000, pcmblocksize=0, loopstart=0, loopend=0, mode=0x00000000, channelmask=0x00000000, channelorder=0, peakvolume=0.834769.
[LOG] SoundI::release                          :  (000002502693EEA8)
[LOG] SoundI::release                          :     MaskForAKing_SFX_Vocalisations_King01 (0000025090F32F68)
[LOG] SoundI::release                          :  (000002502693D638)
[LOG] SoundI::release                          :     MaskForAKing_SFX_Vocalisations_King02 (0000025090F33928)
[LOG] SystemI::createSoundInternal             : Create name='', mode=0x02000202
[LOG] SystemI::createSoundInternal             : exinfo->cbsize             = 224
[LOG] SystemI::createSoundInternal             : exinfo->length             = 871040
[LOG] SystemI::createSoundInternal             : exinfo->fileoffset         = 9088
[LOG] SystemI::createSoundInternal             : exinfo->numsubsounds       = 1
[LOG] SystemI::createSoundInternal             : exinfo->inclusionlist      = 0000009D6C9FF198
[LOG] SystemI::createSoundInternal             : exinfo->inclusionlistnum   = 1
[LOG] SystemI::createSoundInternal             : exinfo->suggestedsoundtype = 5
[LOG] SystemI::createSoundInternal             : exinfo->useropen           = 00007FFF55BE4130
[LOG] SystemI::createSoundInternal             : exinfo->userclose          = 00007FFF55BE40F0
[LOG] SystemI::createSoundInternal             : exinfo->userread           = 00007FFF55BE4210
[LOG] SystemI::createSoundInternal             : exinfo->userseek           = 00007FFF55BE42D0
[LOG] SystemI::createSoundInternal             : exinfo->fileuserdata       = 0000025175CD31B8
[LOG] SystemI::createSoundInternal             : exinfo->initialseekpostype = 1
[LOG] SystemI::DSPCodecPoolRegister            : register codec pool for pool type 5
[LOG] SystemI::createSoundInternal             : Sample 0/1: name='MaskForAKing_SFX_Vocalisations_King01', format=5, channels=2, frequency=48000, lengthbytes=68000, lengthpcm=384000, pcmblocksize=0, loopstart=0, loopend=0, mode=0x00000000, channelmask=0x00000000, channelorder=0, peakvolume=0.962075.
[LOG] SystemI::createSoundInternal             : Create name='', mode=0x02000202
[LOG] SystemI::createSoundInternal             : exinfo->cbsize             = 224
[LOG] SystemI::createSoundInternal             : exinfo->length             = 871040
[LOG] SystemI::createSoundInternal             : exinfo->fileoffset         = 9088
[LOG] SystemI::createSoundInternal             : exinfo->numsubsounds       = 1
[LOG] SystemI::createSoundInternal             : exinfo->inclusionlist      = 0000009D6C9FF198
[LOG] SystemI::createSoundInternal             : exinfo->inclusionlistnum   = 1
[LOG] SystemI::createSoundInternal             : exinfo->suggestedsoundtype = 5
[LOG] SystemI::createSoundInternal             : exinfo->useropen           = 00007FFF55BE4130
[LOG] SystemI::createSoundInternal             : exinfo->userclose          = 00007FFF55BE40F0
[LOG] SystemI::createSoundInternal             : exinfo->userread           = 00007FFF55BE4210
[LOG] SystemI::createSoundInternal             : exinfo->userseek           = 00007FFF55BE42D0
[LOG] SystemI::createSoundInternal             : exinfo->fileuserdata       = 0000025175CD31B8
[LOG] SystemI::createSoundInternal             : exinfo->initialseekpostype = 1
[LOG] SystemI::DSPCodecPoolRegister            : register codec pool for pool type 5
[LOG] SystemI::createSoundInternal             : Sample 0/1: name='MaskForAKing_SFX_Vocalisations_King02', format=5, channels=2, frequency=48000, lengthbytes=68480, lengthpcm=384000, pcmblocksize=0, loopstart=0, loopend=0, mode=0x00000000, channelmask=0x00000000, channelorder=0, peakvolume=0.834769.
[LOG] SoundI::release                          :  (0000025090F3C968)
[LOG] SoundI::release                          :     MaskForAKing_Music_GameplayMusic_Escape72BPM_3:4 (0000024FD2EE5A38)
[LOG] SoundI::release                          :  (0000025090F3CC48)
[LOG] SoundI::release                          :     MaskForAKing_Music_GameplayMusic_Ded72BPM_3:4 (000002511EFC3558)
[LOG] SoundI::release                          :  (0000025090F3CF28)
[LOG] SoundI::release                          :     MaskForAKing_Music_GameplayMusic_Masked72BPM_3:4 (0000024FD2EE5078)
[LOG] SoundI::release                          :  (0000025090F3D658)
[LOG] SoundI::release                          :     MaskForAKing_Music_GameplayMusic_KingAppears (0000024FD2EE56F8)
[LOG] SoundI::release                          :  (000002502693ED38)
[LOG] SoundI::release                          :     MaskForAKing_SFX_Vocalisations_King01 (0000025090F33AC8)
[LOG] SoundI::release                          :  (000002502693E498)
[LOG] SoundI::release                          :     MaskForAKing_SFX_Vocalisations_King02 (0000025090F33928)
[LOG] SoundI::release                          :  (0000025027272138)
[LOG] SoundI::release                          :     MaskForAKing_SFX_Vocalisations_King03 (0000025091ADEBE8)
[LOG] SoundI::release                          :  (0000025000C03758)
[LOG] SoundI::release                          :     MaskForAKing_SFX_Vocalisations_King04 (0000025091ADE088)
[LOG] SoundI::release                          :  (0000025000C02BD8)
[LOG] SoundI::release                          :     MaskForAKing_SFX_Vocalisations_King05 (0000025091ADE708)
[LOG] SoundI::release                          :  (0000025090F3D7C8)
[LOG] SoundI::release                          :     MaskForAKing_SFX_Vocalisations_Player01 (000002511EFC3A38)
[LOG] SoundI::release                          :  (0000025090F3D378)
[LOG] SoundI::release                          :     MaskForAKing_SFX_Vocalisations_Player02 (000002511EFC36F8)
[LOG] SoundI::release                          :  (0000025090F3C518)
[LOG] SoundI::release                          :     MaskForAKing_UI_ConfirmCLick (000002511EFC3218)
[LOG] Thread::callback                         : FMOD Studio update thread finished.
[LOG] Thread::callback                         : FMOD Studio bank load thread finished.
[LOG] Profile::disconnectAll                   : Profiler disconnecting all clients
[LOG] Thread::callback                         : FMOD Studio sample load thread finished.
[LOG] LiveUpdate::release                      : 
[LOG] LiveUpdate::reset                        : Reset connection (reason Disconnected)
[LOG] Thread::callback                         : FMOD stream thread finished.
[LOG] Thread::callback                         : FMOD mixer thread finished.
[LOG] Profile::disconnectAll                   : Profiler disconnecting all clients
[LOG] SystemI::close                           : Closed.
[LOG] Thread::callback                         : FMOD Studio bank load thread finished.
[LOG] Thread::callback                         : FMOD Studio sample load thread finished.
[LOG] LiveUpdate::release                      : 
[LOG] LiveUpdate::reset                        : Reset connection (reason Disconnected)
[LOG] Thread::callback                         : FMOD stream thread finished.
[LOG] Thread::callback                         : FMOD mixer thread finished.
[LOG] SystemI::close                           : Closed.
[LOG] Thread::callback                         : FMOD nonblocking thread (0) finished.
[LOG] Thread::callback                         : FMOD file thread finished.
